// Jest Snapshot v1, https://goo.gl/fbAQLP

exports[`header to render Header Component with react test renderer 1`] = `
<div>
  <h1
    className="f1"
  >
    RobotFriends
  </h1>
  <button
    id="counter"
    onClick={[Function]}
  >
    Count: 
    0
  </button>
</div>
`;
