// Jest Snapshot v1, https://goo.gl/fbAQLP

exports[`counterButton correctly increments the counter 1`] = `
<button
  color="red"
  id="counter"
  onClick={[Function]}
>
  Count: 
  0
</button>
`;

exports[`counterButton expect to render counter button component 1`] = `
<button
  color="red"
  id="counter"
  onClick={[Function]}
>
  Count: 
  0
</button>
`;
